2026-04-04 01:36:19,887 [app.kafka_producer] INFO: Kafka producer started
2026-04-04 01:36:19,893 [user_service] INFO: Bootstrap admin 'alice' already exists, skipping.
2026-04-04 01:36:19,895 [user_service] INFO: User service started successfully
2026-04-04 18:30:39,624 [user_service.auth] INFO: User 'alice' logged in successfully
2026-04-04 18:30:58,976 [user_service.auth] INFO: User 'alice' logged in successfully
2026-04-04 18:31:14,566 [user_service.email] INFO: Reset email sent to alice@example.com
2026-04-04 18:31:43,779 [user_service.auth] INFO: User 'alice' logged in successfully
2026-04-04 18:32:24,362 [user_service.auth] INFO: User 'alice' logged in successfully
2026-04-04 18:32:26,407 [user_service.auth] INFO: User 'alice' logged in successfully
2026-04-04 18:32:48,702 [user_service.auth] INFO: User 'alice' logged in successfully
2026-04-04 18:33:02,911 [user_service.auth] INFO: User 'alice' logged in successfully
2026-04-04 18:33:20,505 [user_service.email] INFO: Reset email sent to alice@example.com
2026-04-04 18:34:05,641 [user_service.auth] INFO: User 'leo' logged in successfully
2026-04-04 18:34:13,284 [user_service.auth] INFO: User 'leo' logged in successfully
2026-04-04 18:34:25,579 [user_service.email] INFO: Reset email sent to leo@example.com
2026-04-04 18:34:52,124 [httpx] INFO: HTTP Request: POST http://notification_service:8007/notifications/emit "HTTP/1.1 200 OK"
2026-04-04 18:35:03,109 [user_service.auth] INFO: User 'leo' logged in successfully
2026-04-04 18:35:18,841 [user_service.email] INFO: Reset email sent to leo@example.com
2026-04-04 18:35:47,824 [user_service.auth] INFO: User 'leo' logged in successfully
2026-04-05 00:38:16,512 [app.kafka_producer] INFO: Kafka producer stopped
2026-04-05 00:39:34,035 [app.kafka_producer] INFO: Kafka producer started
2026-04-05 00:39:34,387 [user_service] INFO: Bootstrap admin 'alice' created.
2026-04-05 00:39:34,387 [user_service] INFO: User service started successfully
2026-04-05 00:42:59,596 [user_service.users] INFO: New user registered: bob
2026-04-05 00:42:59,849 [user_service.users] INFO: New user registered: charlie
2026-04-05 00:43:00,075 [user_service.users] INFO: New user registered: diana
2026-04-05 00:43:00,330 [user_service.users] INFO: New user registered: eve
2026-04-05 00:43:00,580 [user_service.users] INFO: New user registered: frank
2026-04-05 00:43:00,857 [user_service.users] INFO: New user registered: grace
2026-04-05 00:43:01,119 [user_service.users] INFO: New user registered: henry
2026-04-05 00:43:01,383 [user_service.users] INFO: New user registered: ivy
2026-04-05 00:43:01,705 [user_service.users] INFO: New user registered: jack
2026-04-05 00:43:01,946 [user_service.users] INFO: New user registered: karen
2026-04-05 00:43:02,214 [user_service.users] INFO: New user registered: leo
2026-04-05 00:43:02,469 [user_service.users] INFO: New user registered: mia
2026-04-05 00:43:02,733 [user_service.users] INFO: New user registered: noah
2026-04-05 00:43:02,996 [user_service.users] INFO: New user registered: olivia
2026-04-05 00:43:03,269 [user_service.users] INFO: New user registered: peter
2026-04-05 00:43:03,540 [user_service.users] INFO: New user registered: quinn
2026-04-05 00:43:03,823 [user_service.users] INFO: New user registered: rachel
2026-04-05 00:43:04,095 [user_service.users] INFO: New user registered: sam
2026-04-05 00:43:04,369 [user_service.users] INFO: New user registered: tina
2026-04-05 00:43:04,600 [user_service.auth] INFO: User 'alice' logged in successfully
2026-04-05 00:43:05,879 [user_service.auth] INFO: User 'alice' logged in successfully
2026-04-05 00:43:07,134 [user_service.auth] INFO: User 'alice' logged in successfully
2026-04-05 00:43:08,374 [user_service.auth] INFO: User 'alice' logged in successfully
2026-04-05 00:43:09,687 [user_service.auth] INFO: User 'alice' logged in successfully
2026-04-05 00:43:11,066 [user_service.auth] INFO: User 'bob' logged in successfully
2026-04-05 00:43:12,377 [user_service.auth] INFO: User 'bob' logged in successfully
2026-04-05 00:43:13,707 [user_service.auth] INFO: User 'bob' logged in successfully
2026-04-05 00:43:15,001 [user_service.auth] INFO: User 'bob' logged in successfully
2026-04-05 00:43:16,324 [user_service.auth] INFO: User 'bob' logged in successfully
2026-04-05 00:43:17,676 [user_service.auth] INFO: User 'charlie' logged in successfully
2026-04-05 00:43:19,011 [user_service.auth] INFO: User 'charlie' logged in successfully
2026-04-05 00:43:20,395 [user_service.auth] INFO: User 'charlie' logged in successfully
2026-04-05 00:43:21,772 [user_service.auth] INFO: User 'charlie' logged in successfully
2026-04-05 00:43:23,110 [user_service.auth] INFO: User 'charlie' logged in successfully
2026-04-05 00:43:24,405 [user_service.auth] INFO: User 'diana' logged in successfully
2026-04-05 00:43:25,601 [user_service.auth] INFO: User 'diana' logged in successfully
2026-04-05 00:43:26,915 [user_service.auth] INFO: User 'diana' logged in successfully
2026-04-05 00:43:28,204 [user_service.auth] INFO: User 'diana' logged in successfully
2026-04-05 00:43:29,526 [user_service.auth] INFO: User 'diana' logged in successfully
2026-04-05 00:44:31,044 [user_service.auth] INFO: User 'ivy' logged in successfully
2026-04-05 00:45:41,358 [app.kafka_producer] INFO: Kafka producer stopped
2026-04-05 00:46:20,275 [app.kafka_producer] INFO: Kafka producer started
2026-04-05 00:46:20,624 [user_service] INFO: Bootstrap admin 'alice' created.
2026-04-05 00:46:20,625 [user_service] INFO: User service started successfully
2026-04-05 00:47:06,800 [user_service.users] INFO: New user registered: bob
2026-04-05 00:47:07,402 [user_service.users] INFO: New user registered: charlie
2026-04-05 00:47:08,038 [user_service.users] INFO: New user registered: diana
2026-04-05 00:47:08,648 [user_service.users] INFO: New user registered: eve
2026-04-05 00:47:09,270 [user_service.users] INFO: New user registered: frank
2026-04-05 00:47:09,892 [user_service.users] INFO: New user registered: grace
2026-04-05 00:47:10,462 [user_service.users] INFO: New user registered: henry
2026-04-05 00:47:11,036 [user_service.users] INFO: New user registered: ivy
2026-04-05 00:47:11,660 [user_service.users] INFO: New user registered: jack
2026-04-05 00:47:12,261 [user_service.users] INFO: New user registered: karen
2026-04-05 00:47:12,920 [user_service.users] INFO: New user registered: leo
2026-04-05 00:47:13,538 [user_service.users] INFO: New user registered: mia
2026-04-05 00:47:14,171 [user_service.users] INFO: New user registered: noah
2026-04-05 00:47:14,828 [user_service.users] INFO: New user registered: olivia
2026-04-05 00:47:15,508 [user_service.users] INFO: New user registered: peter
2026-04-05 00:47:16,155 [user_service.users] INFO: New user registered: quinn
2026-04-05 00:47:16,781 [user_service.users] INFO: New user registered: rachel
2026-04-05 00:47:17,408 [user_service.users] INFO: New user registered: sam
2026-04-05 00:47:18,028 [user_service.users] INFO: New user registered: tina
2026-04-05 00:47:23,563 [user_service.auth] INFO: User 'alice' logged in successfully
2026-04-05 00:47:24,850 [user_service.auth] INFO: User 'alice' logged in successfully
2026-04-05 00:47:26,126 [user_service.auth] INFO: User 'alice' logged in successfully
2026-04-05 00:47:27,426 [user_service.auth] INFO: User 'alice' logged in successfully
2026-04-05 00:47:28,754 [user_service.auth] INFO: User 'alice' logged in successfully
2026-04-05 00:47:30,548 [user_service.auth] INFO: User 'bob' logged in successfully
2026-04-05 00:47:31,864 [user_service.auth] INFO: User 'bob' logged in successfully
2026-04-05 00:47:33,174 [user_service.auth] INFO: User 'bob' logged in successfully
2026-04-05 00:47:34,433 [user_service.auth] INFO: User 'bob' logged in successfully
2026-04-05 00:47:35,747 [user_service.auth] INFO: User 'bob' logged in successfully
2026-04-05 00:47:37,567 [user_service.auth] INFO: User 'charlie' logged in successfully
2026-04-05 00:47:38,921 [user_service.auth] INFO: User 'charlie' logged in successfully
2026-04-05 00:47:40,314 [user_service.auth] INFO: User 'charlie' logged in successfully
2026-04-05 00:47:41,619 [user_service.auth] INFO: User 'charlie' logged in successfully
2026-04-05 00:47:42,930 [user_service.auth] INFO: User 'charlie' logged in successfully
2026-04-05 00:47:44,725 [user_service.auth] INFO: User 'diana' logged in successfully
2026-04-05 00:47:45,995 [user_service.auth] INFO: User 'diana' logged in successfully
2026-04-05 00:47:47,333 [user_service.auth] INFO: User 'diana' logged in successfully
2026-04-05 00:47:48,632 [user_service.auth] INFO: User 'diana' logged in successfully
2026-04-05 00:47:49,928 [user_service.auth] INFO: User 'diana' logged in successfully
2026-04-05 00:48:50,434 [user_service.auth] INFO: User 'henry' logged in successfully
2026-04-05 00:48:52,254 [user_service.auth] INFO: User 'ivy' logged in successfully
2026-04-05 00:49:45,309 [app.kafka_producer] INFO: Kafka producer stopped
2026-04-05 00:50:19,836 [app.kafka_producer] INFO: Kafka producer started
2026-04-05 00:50:20,175 [user_service] INFO: Bootstrap admin 'alice' created.
2026-04-05 00:50:20,176 [user_service] INFO: User service started successfully
2026-04-05 00:51:00,841 [user_service.users] INFO: New user registered: bob
2026-04-05 00:51:01,457 [user_service.users] INFO: New user registered: charlie
2026-04-05 00:51:02,052 [user_service.users] INFO: New user registered: diana
2026-04-05 00:51:02,648 [user_service.users] INFO: New user registered: eve
2026-04-05 00:51:03,261 [user_service.users] INFO: New user registered: frank
2026-04-05 00:51:03,880 [user_service.users] INFO: New user registered: grace
2026-04-05 00:51:04,495 [user_service.users] INFO: New user registered: henry
2026-04-05 00:51:05,140 [user_service.users] INFO: New user registered: ivy
2026-04-05 00:51:05,725 [user_service.users] INFO: New user registered: jack
2026-04-05 00:51:06,325 [user_service.users] INFO: New user registered: karen
2026-04-05 00:51:06,868 [user_service.users] INFO: New user registered: leo
2026-04-05 00:51:07,434 [user_service.users] INFO: New user registered: mia
2026-04-05 00:51:07,998 [user_service.users] INFO: New user registered: noah
2026-04-05 00:51:08,572 [user_service.users] INFO: New user registered: olivia
2026-04-05 00:51:09,142 [user_service.users] INFO: New user registered: peter
2026-04-05 00:51:09,677 [user_service.users] INFO: New user registered: quinn
2026-04-05 00:51:10,221 [user_service.users] INFO: New user registered: rachel
2026-04-05 00:51:10,788 [user_service.users] INFO: New user registered: sam
2026-04-05 00:51:11,382 [user_service.users] INFO: New user registered: tina
2026-04-05 00:51:17,020 [user_service.auth] INFO: User 'alice' logged in successfully
2026-04-05 00:52:48,670 [user_service.auth] INFO: User 'alice' logged in successfully
2026-04-05 00:52:49,477 [user_service.auth] INFO: User 'bob' logged in successfully
2026-04-05 00:52:50,265 [user_service.auth] INFO: User 'charlie' logged in successfully
2026-04-05 00:52:51,092 [user_service.auth] INFO: User 'diana' logged in successfully
2026-04-05 00:52:51,772 [user_service.auth] INFO: User 'eve' logged in successfully
2026-04-05 00:52:52,519 [user_service.auth] INFO: User 'frank' logged in successfully
2026-04-05 00:52:53,356 [user_service.auth] INFO: User 'grace' logged in successfully
2026-04-05 00:52:54,200 [user_service.auth] INFO: User 'henry' logged in successfully
2026-04-05 00:52:54,990 [user_service.auth] INFO: User 'ivy' logged in successfully
2026-04-05 00:52:55,802 [user_service.auth] INFO: User 'jack' logged in successfully
2026-04-05 00:52:56,585 [user_service.auth] INFO: User 'karen' logged in successfully
2026-04-05 00:52:57,315 [user_service.auth] INFO: User 'leo' logged in successfully
2026-04-05 00:52:58,039 [user_service.auth] INFO: User 'mia' logged in successfully
2026-04-05 00:52:58,765 [user_service.auth] INFO: User 'noah' logged in successfully
2026-04-05 00:52:59,494 [user_service.auth] INFO: User 'olivia' logged in successfully
2026-04-05 00:53:00,242 [user_service.auth] INFO: User 'peter' logged in successfully
2026-04-05 00:53:00,989 [user_service.auth] INFO: User 'quinn' logged in successfully
2026-04-05 00:53:01,721 [user_service.auth] INFO: User 'rachel' logged in successfully
2026-04-05 00:53:02,511 [user_service.auth] INFO: User 'sam' logged in successfully
2026-04-05 00:53:03,262 [user_service.auth] INFO: User 'tina' logged in successfully
2026-04-05 00:53:03,944 [app.kafka_producer] INFO: Sent to user-events: {'type': 'user_updated', 'user_id': 2, 'username': 'bob', 'email': 'bob@example.com', 'role': 'moderator', 'avatar': None, 'is_active': True}
2026-04-05 00:53:04,092 [httpx] INFO: HTTP Request: POST http://notification_service:8007/notifications/emit "HTTP/1.1 200 OK"
2026-04-05 00:56:26,177 [app.kafka_producer] INFO: Kafka producer stopped
2026-04-05 00:56:58,425 [app.kafka_producer] INFO: Kafka producer started
2026-04-05 00:56:58,733 [user_service] INFO: Bootstrap admin 'alice' created.
2026-04-05 00:56:58,734 [user_service] INFO: User service started successfully
2026-04-05 00:57:05,057 [user_service.users] INFO: New user registered: bob
2026-04-05 00:57:05,686 [user_service.users] INFO: New user registered: charlie
2026-04-05 00:57:06,259 [user_service.users] INFO: New user registered: diana
2026-04-05 00:57:06,813 [user_service.users] INFO: New user registered: eve
2026-04-05 00:57:07,385 [user_service.users] INFO: New user registered: frank
2026-04-05 00:57:07,946 [user_service.users] INFO: New user registered: grace
2026-04-05 00:57:08,528 [user_service.users] INFO: New user registered: henry
2026-04-05 00:57:09,095 [user_service.users] INFO: New user registered: ivy
2026-04-05 00:57:09,657 [user_service.users] INFO: New user registered: jack
2026-04-05 00:57:10,211 [user_service.users] INFO: New user registered: karen
2026-04-05 00:57:10,776 [user_service.users] INFO: New user registered: leo
2026-04-05 00:57:11,344 [user_service.users] INFO: New user registered: mia
2026-04-05 00:57:11,894 [user_service.users] INFO: New user registered: noah
2026-04-05 00:57:12,464 [user_service.users] INFO: New user registered: olivia
2026-04-05 00:57:13,022 [user_service.users] INFO: New user registered: peter
2026-04-05 00:57:13,582 [user_service.users] INFO: New user registered: quinn
2026-04-05 00:57:14,166 [user_service.users] INFO: New user registered: rachel
2026-04-05 00:57:14,730 [user_service.users] INFO: New user registered: sam
2026-04-05 00:57:15,315 [user_service.users] INFO: New user registered: tina
2026-04-05 00:57:20,767 [user_service.auth] INFO: User 'alice' logged in successfully
2026-04-05 00:57:21,481 [user_service.auth] INFO: User 'bob' logged in successfully
2026-04-05 00:57:22,197 [user_service.auth] INFO: User 'charlie' logged in successfully
2026-04-05 00:57:22,898 [user_service.auth] INFO: User 'diana' logged in successfully
2026-04-05 00:57:23,622 [user_service.auth] INFO: User 'eve' logged in successfully
2026-04-05 00:57:24,342 [user_service.auth] INFO: User 'frank' logged in successfully
2026-04-05 00:57:25,062 [user_service.auth] INFO: User 'grace' logged in successfully
2026-04-05 00:57:25,851 [user_service.auth] INFO: User 'henry' logged in successfully
2026-04-05 00:57:26,566 [user_service.auth] INFO: User 'ivy' logged in successfully
2026-04-05 00:57:27,312 [user_service.auth] INFO: User 'jack' logged in successfully
2026-04-05 00:57:28,043 [user_service.auth] INFO: User 'karen' logged in successfully
2026-04-05 00:57:28,775 [user_service.auth] INFO: User 'leo' logged in successfully
2026-04-05 00:57:29,500 [user_service.auth] INFO: User 'mia' logged in successfully
2026-04-05 00:57:30,252 [user_service.auth] INFO: User 'noah' logged in successfully
2026-04-05 00:57:30,983 [user_service.auth] INFO: User 'olivia' logged in successfully
2026-04-05 00:57:31,714 [user_service.auth] INFO: User 'peter' logged in successfully
2026-04-05 00:57:32,455 [user_service.auth] INFO: User 'quinn' logged in successfully
2026-04-05 00:57:33,191 [user_service.auth] INFO: User 'rachel' logged in successfully
2026-04-05 00:57:33,922 [user_service.auth] INFO: User 'sam' logged in successfully
2026-04-05 00:57:34,647 [user_service.auth] INFO: User 'tina' logged in successfully
2026-04-05 00:57:35,321 [app.kafka_producer] INFO: Sent to user-events: {'type': 'user_updated', 'user_id': 2, 'username': 'bob', 'email': 'bob@example.com', 'role': 'moderator', 'avatar': None, 'is_active': True}
2026-04-05 00:57:35,412 [httpx] INFO: HTTP Request: POST http://notification_service:8007/notifications/emit "HTTP/1.1 200 OK"
2026-04-05 00:59:22,535 [user_service.auth] INFO: User 'alice' logged in successfully
2026-04-05 00:59:30,326 [user_service.auth] INFO: User 'alice' logged in successfully
2026-04-05 01:02:33,365 [user_service.auth] INFO: User 'alice' logged in successfully
2026-04-05 01:08:20,000 [user_service.auth] INFO: User 'alice' logged in successfully
2026-04-05 01:14:57,582 [app.kafka_producer] INFO: Kafka producer stopped
2026-04-05 01:15:31,199 [app.kafka_producer] INFO: Kafka producer started
2026-04-05 01:15:31,527 [user_service] INFO: Bootstrap admin 'alice' created.
2026-04-05 01:15:31,528 [user_service] INFO: User service started successfully
2026-04-05 01:16:13,626 [user_service.users] INFO: New user registered: bob
2026-04-05 01:16:14,059 [user_service.users] INFO: New user registered: charlie
2026-04-05 01:16:14,643 [user_service.users] INFO: New user registered: diana
2026-04-05 01:16:15,235 [user_service.users] INFO: New user registered: eve
2026-04-05 01:16:15,834 [user_service.users] INFO: New user registered: frank
2026-04-05 01:16:16,445 [user_service.users] INFO: New user registered: grace
2026-04-05 01:16:17,082 [user_service.users] INFO: New user registered: henry
2026-04-05 01:16:17,700 [user_service.users] INFO: New user registered: ivy
2026-04-05 01:16:18,352 [user_service.users] INFO: New user registered: jack
2026-04-05 01:16:19,000 [user_service.users] INFO: New user registered: karen
2026-04-05 01:16:19,595 [user_service.users] INFO: New user registered: leo
2026-04-05 01:16:20,260 [user_service.users] INFO: New user registered: mia
2026-04-05 01:16:20,894 [user_service.users] INFO: New user registered: noah
2026-04-05 01:16:21,535 [user_service.users] INFO: New user registered: olivia
2026-04-05 01:16:22,144 [user_service.users] INFO: New user registered: peter
2026-04-05 01:16:22,766 [user_service.users] INFO: New user registered: quinn
2026-04-05 01:16:23,325 [user_service.users] INFO: New user registered: rachel
2026-04-05 01:16:23,918 [user_service.users] INFO: New user registered: sam
2026-04-05 01:16:24,470 [user_service.users] INFO: New user registered: tina
2026-04-05 01:16:30,086 [user_service.auth] INFO: User 'alice' logged in successfully
2026-04-05 01:16:30,843 [user_service.auth] INFO: User 'bob' logged in successfully
2026-04-05 01:16:31,599 [user_service.auth] INFO: User 'charlie' logged in successfully
2026-04-05 01:16:32,390 [user_service.auth] INFO: User 'diana' logged in successfully
2026-04-05 01:16:33,130 [user_service.auth] INFO: User 'eve' logged in successfully
2026-04-05 01:16:33,883 [user_service.auth] INFO: User 'frank' logged in successfully
2026-04-05 01:16:34,616 [user_service.auth] INFO: User 'grace' logged in successfully
2026-04-05 01:16:35,359 [user_service.auth] INFO: User 'henry' logged in successfully
2026-04-05 01:16:36,112 [user_service.auth] INFO: User 'ivy' logged in successfully
2026-04-05 01:16:36,871 [user_service.auth] INFO: User 'jack' logged in successfully
2026-04-05 01:16:37,633 [user_service.auth] INFO: User 'karen' logged in successfully
2026-04-05 01:16:38,400 [user_service.auth] INFO: User 'leo' logged in successfully
2026-04-05 01:16:39,162 [user_service.auth] INFO: User 'mia' logged in successfully
2026-04-05 01:16:39,911 [user_service.auth] INFO: User 'noah' logged in successfully
2026-04-05 01:16:40,652 [user_service.auth] INFO: User 'olivia' logged in successfully
2026-04-05 01:16:41,390 [user_service.auth] INFO: User 'peter' logged in successfully
2026-04-05 01:16:42,133 [user_service.auth] INFO: User 'quinn' logged in successfully
2026-04-05 01:16:42,912 [user_service.auth] INFO: User 'rachel' logged in successfully
2026-04-05 01:16:43,567 [user_service.auth] INFO: User 'sam' logged in successfully
2026-04-05 01:16:44,369 [user_service.auth] INFO: User 'tina' logged in successfully
2026-04-05 01:16:45,033 [app.kafka_producer] INFO: Sent to user-events: {'type': 'user_updated', 'user_id': 2, 'username': 'bob', 'email': 'bob@example.com', 'role': 'moderator', 'avatar': None, 'is_active': True}
2026-04-05 01:16:45,136 [httpx] INFO: HTTP Request: POST http://notification_service:8007/notifications/emit "HTTP/1.1 200 OK"
2026-04-05 01:18:41,787 [app.kafka_producer] INFO: Sent to user-events: {'type': 'avatar_update', 'user_id': 1, 'avatar': '/uploads/avatars/1_10f7dcec9c4b4a3ea9d863bc745554ab.jpg', 'broadcast': True}
2026-04-05 01:18:41,790 [app.kafka_producer] INFO: Sent to user-events: {'type': 'user_updated', 'user_id': 1, 'username': 'alice', 'email': 'alice@example.com', 'role': 'admin', 'avatar': '/uploads/avatars/1_10f7dcec9c4b4a3ea9d863bc745554ab.jpg', 'is_active': True}
2026-04-05 01:18:43,331 [app.kafka_producer] INFO: Sent to user-events: {'type': 'user_updated', 'user_id': 1, 'username': 'alice', 'email': 'alice@example.com', 'role': 'admin', 'avatar': '/uploads/avatars/1_10f7dcec9c4b4a3ea9d863bc745554ab.jpg', 'is_active': True}
2026-04-05 01:18:59,217 [app.kafka_producer] INFO: Sent to user-events: {'type': 'user_updated', 'user_id': 19, 'username': 'sam', 'email': 'sam@example.com', 'role': 'member', 'avatar': None, 'is_active': False}
2026-04-05 01:18:59,249 [httpx] INFO: HTTP Request: POST http://notification_service:8007/notifications/emit "HTTP/1.1 200 OK"
2026-04-05 01:19:22,208 [user_service.auth] INFO: User 'bob' logged in successfully
2026-04-05 01:20:10,135 [user_service.auth] INFO: User 'charlie' logged in successfully
2026-04-05 01:29:24,723 [user_service.auth] INFO: User 'alice' logged in successfully
2026-04-05 12:36:37,600 [app.kafka_producer] INFO: Kafka producer stopped
2026-04-05 12:37:50,023 [app.kafka_producer] INFO: Kafka producer started
2026-04-05 12:37:50,312 [user_service] INFO: Bootstrap admin 'alice' created.
2026-04-05 12:37:50,313 [user_service] INFO: User service started successfully
2026-04-05 12:38:13,942 [user_service.users] INFO: New user registered: bob
2026-04-05 12:38:14,591 [user_service.users] INFO: New user registered: charlie
2026-04-05 12:38:15,169 [user_service.users] INFO: New user registered: diana
2026-04-05 12:38:15,746 [user_service.users] INFO: New user registered: eve
2026-04-05 12:38:16,322 [user_service.users] INFO: New user registered: frank
2026-04-05 12:38:16,894 [user_service.users] INFO: New user registered: grace
2026-04-05 12:38:17,475 [user_service.users] INFO: New user registered: henry
2026-04-05 12:38:18,281 [user_service.users] INFO: New user registered: ivy
2026-04-05 12:38:19,075 [user_service.users] INFO: New user registered: jack
2026-04-05 12:38:19,878 [user_service.users] INFO: New user registered: karen
2026-04-05 12:38:20,746 [user_service.users] INFO: New user registered: leo
2026-04-05 12:38:21,319 [user_service.users] INFO: New user registered: mia
2026-04-05 12:38:21,894 [user_service.users] INFO: New user registered: noah
2026-04-05 12:38:22,467 [user_service.users] INFO: New user registered: olivia
2026-04-05 12:38:23,095 [user_service.users] INFO: New user registered: peter
2026-04-05 12:38:23,688 [user_service.users] INFO: New user registered: quinn
2026-04-05 12:38:24,272 [user_service.users] INFO: New user registered: rachel
2026-04-05 12:38:24,849 [user_service.users] INFO: New user registered: sam
2026-04-05 12:38:25,431 [user_service.users] INFO: New user registered: tina
2026-04-05 12:38:30,133 [user_service.auth] INFO: User 'alice' logged in successfully
2026-04-05 12:38:31,209 [user_service.auth] INFO: User 'bob' logged in successfully
2026-04-05 12:38:32,174 [user_service.auth] INFO: User 'charlie' logged in successfully
2026-04-05 12:38:33,214 [user_service.auth] INFO: User 'diana' logged in successfully
2026-04-05 12:38:34,157 [user_service.auth] INFO: User 'eve' logged in successfully
2026-04-05 12:38:35,003 [user_service.auth] INFO: User 'frank' logged in successfully
2026-04-05 12:38:35,966 [user_service.auth] INFO: User 'grace' logged in successfully
2026-04-05 12:38:36,924 [user_service.auth] INFO: User 'henry' logged in successfully
2026-04-05 12:38:37,776 [user_service.auth] INFO: User 'ivy' logged in successfully
2026-04-05 12:38:38,558 [user_service.auth] INFO: User 'jack' logged in successfully
2026-04-05 12:38:39,345 [user_service.auth] INFO: User 'karen' logged in successfully
2026-04-05 12:38:40,350 [user_service.auth] INFO: User 'leo' logged in successfully
2026-04-05 12:38:41,395 [user_service.auth] INFO: User 'mia' logged in successfully
2026-04-05 12:38:42,333 [user_service.auth] INFO: User 'noah' logged in successfully
2026-04-05 12:38:43,122 [user_service.auth] INFO: User 'olivia' logged in successfully
2026-04-05 12:38:44,118 [user_service.auth] INFO: User 'peter' logged in successfully
2026-04-05 12:38:44,905 [user_service.auth] INFO: User 'quinn' logged in successfully
2026-04-05 12:38:45,718 [user_service.auth] INFO: User 'rachel' logged in successfully
2026-04-05 12:38:46,682 [user_service.auth] INFO: User 'sam' logged in successfully
2026-04-05 12:38:47,606 [user_service.auth] INFO: User 'tina' logged in successfully
2026-04-05 12:38:48,337 [app.kafka_producer] INFO: Sent to user-events: {'type': 'user_updated', 'user_id': 2, 'username': 'bob', 'email': 'bob@example.com', 'role': 'moderator', 'avatar': None, 'is_active': True}
2026-04-05 12:38:48,459 [httpx] INFO: HTTP Request: POST http://notification_service:8007/notifications/emit "HTTP/1.1 200 OK"
2026-04-05 12:40:42,954 [user_service.auth] INFO: User 'alice' logged in successfully
2026-04-05 12:40:53,800 [user_service.auth] INFO: User 'alice' logged in successfully
2026-04-05 12:41:40,899 [user_service.auth] INFO: User 'alice' logged in successfully
2026-04-05 12:47:33,678 [aiokafka] ERROR: Unable connect to node with id 1: [Errno 111] Connect call failed ('172.22.0.10', 9092)
2026-04-05 12:47:33,681 [aiokafka] ERROR: Unable to update metadata from [1]
2026-04-05 12:47:33,793 [app.kafka_producer] INFO: Kafka producer stopped
2026-04-05 12:47:39,295 [aiokafka] ERROR: Unable connect to "kafka:9092": [Errno 111] Connect call failed ('172.22.0.15', 9092)
2026-04-05 12:47:39,297 [app.kafka_producer] ERROR: Failed to start Kafka producer: KafkaConnectionError: Unable to bootstrap from [('kafka', 9092, <AddressFamily.AF_UNSPEC: 0>)]
2026-04-05 12:47:39,298 [asyncio] ERROR: Unclosed AIOKafkaProducer
producer: <aiokafka.producer.producer.AIOKafkaProducer object at 0x7e069021f620>
2026-04-05 12:47:39,316 [user_service] INFO: Bootstrap admin 'alice' already exists, skipping.
2026-04-05 12:47:39,321 [user_service] INFO: User service started successfully
2026-04-05 12:51:43,490 [app.kafka_producer] INFO: Kafka producer started
2026-04-05 12:51:44,129 [user_service] INFO: Bootstrap admin 'alice' created.
2026-04-05 12:51:44,131 [user_service] INFO: User service started successfully
2026-04-05 12:51:51,373 [user_service.users] INFO: New user registered: bob
2026-04-05 12:51:51,981 [user_service.users] INFO: New user registered: charlie
2026-04-05 12:51:52,558 [user_service.users] INFO: New user registered: diana
2026-04-05 12:51:53,298 [user_service.users] INFO: New user registered: eve
2026-04-05 12:51:53,882 [user_service.users] INFO: New user registered: frank
2026-04-05 12:51:54,469 [user_service.users] INFO: New user registered: grace
2026-04-05 12:51:55,051 [user_service.users] INFO: New user registered: henry
2026-04-05 12:51:55,781 [user_service.users] INFO: New user registered: ivy
2026-04-05 12:51:56,446 [user_service.users] INFO: New user registered: jack
2026-04-05 12:51:57,162 [user_service.users] INFO: New user registered: karen
2026-04-05 12:51:57,800 [user_service.users] INFO: New user registered: leo
2026-04-05 12:51:58,372 [user_service.users] INFO: New user registered: mia
2026-04-05 12:51:59,003 [user_service.users] INFO: New user registered: noah
2026-04-05 12:51:59,644 [user_service.users] INFO: New user registered: olivia
2026-04-05 12:52:00,392 [user_service.users] INFO: New user registered: peter
2026-04-05 12:52:01,227 [user_service.users] INFO: New user registered: quinn
2026-04-05 12:52:02,048 [user_service.users] INFO: New user registered: rachel
2026-04-05 12:52:02,706 [user_service.users] INFO: New user registered: sam
2026-04-05 12:52:03,520 [user_service.users] INFO: New user registered: tina
2026-04-05 12:52:09,311 [user_service.auth] INFO: User 'alice' logged in successfully
2026-04-05 12:52:10,336 [user_service.auth] INFO: User 'bob' logged in successfully
2026-04-05 12:52:11,289 [user_service.auth] INFO: User 'charlie' logged in successfully
2026-04-05 12:52:12,351 [user_service.auth] INFO: User 'diana' logged in successfully
2026-04-05 12:52:13,189 [user_service.auth] INFO: User 'eve' logged in successfully
2026-04-05 12:52:14,042 [user_service.auth] INFO: User 'frank' logged in successfully
2026-04-05 12:52:14,818 [user_service.auth] INFO: User 'grace' logged in successfully
2026-04-05 12:52:15,731 [user_service.auth] INFO: User 'henry' logged in successfully
2026-04-05 12:52:16,665 [user_service.auth] INFO: User 'ivy' logged in successfully
2026-04-05 12:52:17,689 [user_service.auth] INFO: User 'jack' logged in successfully
2026-04-05 12:52:18,652 [user_service.auth] INFO: User 'karen' logged in successfully
2026-04-05 12:52:19,443 [user_service.auth] INFO: User 'leo' logged in successfully
2026-04-05 12:52:20,218 [user_service.auth] INFO: User 'mia' logged in successfully
2026-04-05 12:52:21,034 [user_service.auth] INFO: User 'noah' logged in successfully
2026-04-05 12:52:20,886 [user_service.auth] INFO: User 'olivia' logged in successfully
2026-04-05 12:52:21,694 [user_service.auth] INFO: User 'peter' logged in successfully
2026-04-05 12:52:22,491 [user_service.auth] INFO: User 'quinn' logged in successfully
2026-04-05 12:52:23,336 [user_service.auth] INFO: User 'rachel' logged in successfully
2026-04-05 12:52:24,202 [user_service.auth] INFO: User 'sam' logged in successfully
2026-04-05 12:52:25,118 [user_service.auth] INFO: User 'tina' logged in successfully
2026-04-05 12:52:25,775 [app.kafka_producer] INFO: Sent to user-events: {'type': 'user_updated', 'user_id': 2, 'username': 'bob', 'email': 'bob@example.com', 'role': 'moderator', 'avatar': None, 'is_active': True}
2026-04-05 12:52:25,881 [httpx] INFO: HTTP Request: POST http://notification_service:8007/notifications/emit "HTTP/1.1 200 OK"
2026-04-05 12:57:28,238 [user_service.auth] INFO: User 'alice' logged in successfully
2026-04-05 12:58:53,147 [app.kafka_producer] INFO: Sent to user-events: {'type': 'user_updated', 'user_id': 19, 'username': 'sam', 'email': 'sam@example.com', 'role': 'member', 'avatar': None, 'is_active': False}
2026-04-05 12:58:53,167 [httpx] INFO: HTTP Request: POST http://notification_service:8007/notifications/emit "HTTP/1.1 200 OK"
2026-04-05 12:59:19,950 [user_service.auth] INFO: User 'sam' logged in successfully
2026-04-05 12:59:31,946 [user_service.auth] INFO: User 'sam' logged in successfully
2026-04-05 13:00:57,975 [app.kafka_producer] INFO: Sent to user-events: {'type': 'avatar_update', 'user_id': 1, 'avatar': '/uploads/avatars/1_5305fed4c5ca460d9fabcf0dee1a9839.jpg', 'broadcast': True}
2026-04-05 13:00:57,977 [app.kafka_producer] INFO: Sent to user-events: {'type': 'user_updated', 'user_id': 1, 'username': 'alice', 'email': 'alice@example.com', 'role': 'admin', 'avatar': '/uploads/avatars/1_5305fed4c5ca460d9fabcf0dee1a9839.jpg', 'is_active': True}
2026-04-05 13:00:58,477 [app.kafka_producer] INFO: Sent to user-events: {'type': 'user_updated', 'user_id': 1, 'username': 'alice', 'email': 'alice@example.com', 'role': 'admin', 'avatar': '/uploads/avatars/1_5305fed4c5ca460d9fabcf0dee1a9839.jpg', 'is_active': True}
2026-04-05 13:17:32,821 [app.kafka_producer] INFO: Sent to user-events: {'type': 'avatar_update', 'user_id': 1, 'avatar': '/uploads/avatars/1_7f7af76ba7e54ce6a00f2399672c0f2f.jpg', 'broadcast': True}
2026-04-05 13:17:32,823 [app.kafka_producer] INFO: Sent to user-events: {'type': 'user_updated', 'user_id': 1, 'username': 'alice', 'email': 'alice@example.com', 'role': 'admin', 'avatar': '/uploads/avatars/1_7f7af76ba7e54ce6a00f2399672c0f2f.jpg', 'is_active': True}
2026-04-05 13:17:34,574 [app.kafka_producer] INFO: Sent to user-events: {'type': 'user_updated', 'user_id': 1, 'username': 'alice', 'email': 'alice@example.com', 'role': 'admin', 'avatar': '/uploads/avatars/1_7f7af76ba7e54ce6a00f2399672c0f2f.jpg', 'is_active': True}
2026-04-05 13:18:00,648 [user_service.auth] INFO: User 'alice' logged in successfully
2026-04-05 13:19:20,821 [app.kafka_producer] INFO: Sent to user-events: {'type': 'avatar_update', 'user_id': 1, 'avatar': '/uploads/avatars/1_055ad573f8b745febb24a5d0b0b1d973.jpg', 'broadcast': True}
2026-04-05 13:19:20,824 [app.kafka_producer] INFO: Sent to user-events: {'type': 'user_updated', 'user_id': 1, 'username': 'alice', 'email': 'alice@example.com', 'role': 'admin', 'avatar': '/uploads/avatars/1_055ad573f8b745febb24a5d0b0b1d973.jpg', 'is_active': True}
2026-04-05 13:19:22,644 [app.kafka_producer] INFO: Sent to user-events: {'type': 'user_updated', 'user_id': 1, 'username': 'alice', 'email': 'alice@example.com', 'role': 'admin', 'avatar': '/uploads/avatars/1_055ad573f8b745febb24a5d0b0b1d973.jpg', 'is_active': True}
2026-04-05 13:51:17,489 [app.kafka_producer] INFO: Kafka producer stopped
2026-04-05 13:51:20,263 [app.kafka_producer] INFO: Kafka producer started
2026-04-05 13:51:20,269 [user_service] INFO: Bootstrap admin 'alice' already exists, skipping.
2026-04-05 13:51:20,270 [user_service] INFO: User service started successfully
2026-04-05 13:54:41,588 [user_service.auth] INFO: User 'alice' logged in successfully
2026-04-05 14:03:15,482 [user_service.auth] INFO: User 'alice' logged in successfully
2026-04-05 14:04:35,014 [user_service.auth] INFO: User 'alice' logged in successfully
2026-04-05 15:43:34,962 [user_service.auth] INFO: User 'alice' logged in successfully
2026-04-05 16:08:17,008 [app.kafka_producer] INFO: Sent to user-events: {'type': 'avatar_update', 'user_id': 1, 'avatar': '/uploads/avatars/1_0f6f5b5d4ee44e33bd357c64ce07a280.jpg', 'broadcast': True}
2026-04-05 16:08:17,012 [app.kafka_producer] INFO: Sent to user-events: {'type': 'user_updated', 'user_id': 1, 'username': 'alice', 'email': 'alice@example.com', 'role': 'admin', 'avatar': '/uploads/avatars/1_0f6f5b5d4ee44e33bd357c64ce07a280.jpg', 'is_active': True}
2026-04-05 16:08:18,435 [app.kafka_producer] INFO: Sent to user-events: {'type': 'user_updated', 'user_id': 1, 'username': 'alice', 'email': 'alice@example.com', 'role': 'admin', 'avatar': '/uploads/avatars/1_0f6f5b5d4ee44e33bd357c64ce07a280.jpg', 'is_active': True}
2026-04-05 18:47:35,748 [user_service.auth] INFO: User 'alice' logged in successfully
2026-04-05 22:12:51,018 [user_service.auth] INFO: User 'leo' logged in successfully
2026-04-06 10:22:58,571 [user_service.auth] INFO: User 'henry' logged in successfully
2026-04-06 10:44:41,082 [user_service.auth] INFO: User 'karen' logged in successfully
2026-04-06 10:45:14,122 [app.kafka_producer] INFO: Sent to user-events: {'type': 'avatar_update', 'user_id': 11, 'avatar': '/uploads/avatars/11_1fbd0120e4de4459bd82142c5567e92a.webp', 'broadcast': True}
2026-04-06 10:45:14,126 [app.kafka_producer] INFO: Sent to user-events: {'type': 'user_updated', 'user_id': 11, 'username': 'karen', 'email': 'karen@example.com', 'role': 'member', 'avatar': '/uploads/avatars/11_1fbd0120e4de4459bd82142c5567e92a.webp', 'is_active': True}
2026-04-06 10:45:15,657 [app.kafka_producer] INFO: Sent to user-events: {'type': 'user_updated', 'user_id': 11, 'username': 'karen', 'email': 'karen@example.com', 'role': 'member', 'avatar': '/uploads/avatars/11_1fbd0120e4de4459bd82142c5567e92a.webp', 'is_active': True}
2026-04-06 10:45:36,326 [user_service.auth] INFO: User 'henry' logged in successfully
2026-04-06 10:45:46,292 [app.kafka_producer] INFO: Sent to user-events: {'type': 'avatar_update', 'user_id': 8, 'avatar': '/uploads/avatars/8_e2c19ea36d4d4d76a029ed1f84c1217e.jpg', 'broadcast': True}
2026-04-06 10:45:46,293 [app.kafka_producer] INFO: Sent to user-events: {'type': 'user_updated', 'user_id': 8, 'username': 'henry', 'email': 'henry@example.com', 'role': 'member', 'avatar': '/uploads/avatars/8_e2c19ea36d4d4d76a029ed1f84c1217e.jpg', 'is_active': True}
2026-04-06 10:45:50,921 [app.kafka_producer] INFO: Sent to user-events: {'type': 'user_updated', 'user_id': 8, 'username': 'henry', 'email': 'henry@example.com', 'role': 'member', 'avatar': '/uploads/avatars/8_e2c19ea36d4d4d76a029ed1f84c1217e.jpg', 'is_active': True}
2026-04-06 11:23:01,680 [user_service.auth] INFO: User 'alice' logged in successfully
2026-04-06 11:48:21,815 [user_service.auth] INFO: User 'alice' logged in successfully
2026-04-06 12:00:35,360 [user_service.auth] INFO: User 'diana' logged in successfully
2026-04-06 13:53:09,954 [user_service.auth] INFO: User 'diana' logged in successfully
2026-04-06 14:19:57,528 [user_service.auth] INFO: User 'alice' logged in successfully
2026-04-06 17:05:28,523 [user_service.auth] INFO: User 'charlie' logged in successfully
2026-04-06 17:05:39,404 [user_service.auth] INFO: User 'alice' logged in successfully
2026-04-06 17:06:21,487 [app.kafka_producer] INFO: Sent to user-events: {'type': 'user_updated', 'user_id': 3, 'username': 'charlie', 'email': 'charlie@example.com', 'role': 'member', 'avatar': None, 'is_active': False}
2026-04-06 17:06:21,677 [httpx] INFO: HTTP Request: POST http://notification_service:8007/notifications/emit "HTTP/1.1 200 OK"
2026-04-06 17:11:00,346 [user_service.auth] INFO: User 'karen' logged in successfully
2026-04-06 17:23:02,354 [httpx] INFO: HTTP Request: POST http://notification_service:8007/notifications/emit "HTTP/1.1 200 OK"
2026-04-06 17:23:02,364 [user_service.users] INFO: Admin 'alice' permanently deleted user 'noah' (id=14)
2026-04-06 18:14:27,497 [user_service.auth] INFO: User 'alice' logged in successfully
2026-04-06 18:22:09,951 [user_service.auth] INFO: User 'alice' logged in successfully
2026-04-06 18:33:57,436 [app.kafka_producer] INFO: Sent to user-events: {'type': 'avatar_update', 'user_id': 1, 'avatar': '/uploads/avatars/1_cbea0fd34b6f4f7ab6e7866eb33255da.jpg', 'broadcast': True}
2026-04-06 18:33:57,439 [app.kafka_producer] INFO: Sent to user-events: {'type': 'user_updated', 'user_id': 1, 'username': 'alice', 'email': 'alice@example.com', 'role': 'admin', 'avatar': '/uploads/avatars/1_cbea0fd34b6f4f7ab6e7866eb33255da.jpg', 'is_active': True}
2026-04-06 18:33:59,407 [app.kafka_producer] INFO: Sent to user-events: {'type': 'user_updated', 'user_id': 1, 'username': 'alice', 'email': 'alice@example.com', 'role': 'admin', 'avatar': '/uploads/avatars/1_cbea0fd34b6f4f7ab6e7866eb33255da.jpg', 'is_active': True}
2026-04-07 09:54:11,375 [user_service.auth] INFO: User 'alice' logged in successfully
2026-04-07 09:56:34,561 [user_service.auth] INFO: User 'alice' logged in successfully
2026-04-07 10:13:28,542 [user_service.email] INFO: Reset email sent to alice@example.com
2026-04-07 10:19:23,361 [user_service.auth] INFO: User 'alice' logged in successfully
2026-04-07 10:37:03,836 [user_service.auth] INFO: User 'leo' logged in successfully
2026-04-07 11:41:15,820 [user_service.auth] INFO: User 'alice' logged in successfully
